00:00 +0: loading D:/Src/chomp_puzzle/test/widget_test.dart
flutter : lib/core/th
eme/app_theme.dart:19
:18: Error: The 
argument type 
'CardTheme' can't be 
assigned to the 
parameter type 
'CardThemeData?'.
At line:1 char:1
+ flutter test > 
test_output.txt 2>&1
+ ~~~~~~~~~~~~~~~~~~~
~~~~~~~~~~~~~~~~
    + CategoryInfo   
           : NotSpe  
  cified: (lib/cor   
 e/theme/...ardTh    
emeData?'.:Strin    
g) [], RemoteExc    
eption
    + FullyQualified 
   ErrorId : Native  
  CommandError
 
 - 'CardTheme' is 
from 'package:flutter
/src/material/card_th
eme.dart' ('../flutte
r/packages/flutter/li
b/src/material/card_t
heme.dart').
 - 'CardThemeData' 
is from 'package:flut
ter/src/material/card
_theme.dart' ('../flu
tter/packages/flutter
/lib/src/material/car
d_theme.dart').
      cardTheme: 
CardTheme(
                 ^
00:00 +0 -1: loading D:/Src/chomp_puzzle/test/widget_test.dart [E]
  Failed to load "D:/Src/chomp_puzzle/test/widget_test.dart":
  Compilation failed for testPath=D:/Src/chomp_puzzle/test/widget_test.dart: lib/core/theme/app_theme.dart:19:18: Error: The argument type 'CardTheme' can't be assigned to the parameter type 'CardThemeData?'.
   - 'CardTheme' is from 'package:flutter/src/material/card_theme.dart' ('../flutter/packages/flutter/lib/src/material/card_theme.dart').
   - 'CardThemeData' is from 'package:flutter/src/material/card_theme.dart' ('../flutter/packages/flutter/lib/src/material/card_theme.dart').
        cardTheme: CardTheme(
                   ^
  .
00:00 +0 -1: Some tests failed.
